// Jest Snapshot v1, https://goo.gl/fbAQLP

exports[`Hero component renders a .Hero by default 1`] = `<header />`;
