// Jest Snapshot v1, https://goo.gl/fbAQLP

exports[`Title component renders a .Tile by default 1`] = `
<div
  className="section-title"
>
  <h2 />
  <div />
</div>
`;
